// Jest Snapshot v1, https://goo.gl/fbAQLP

exports[`When ShowContact Mounts Matches snapshot 1`] = `
<div>
  No contact
</div>
`;
